// Jest Snapshot v1, https://goo.gl/fbAQLP

exports[`AddMovieModal test should runtime message appear if empty 1`] = `"Add movieTitleRelease dateMovie URLGenresâ€‹OverviewRuntimeSubmitReset"`;
