// Jest Snapshot v1, https://goo.gl/fbAQLP

exports[`DeleteConfirmModal should render correctly with inputs 1`] = `"loading"`;
