// Jest Snapshot v1, https://goo.gl/fbAQLP

exports[`AddMovieModal test renders correctly 1`] = `ShallowWrapper {}`;
