// Jest Snapshot v1, https://goo.gl/fbAQLP

exports[`AppHeader test renders correctly 1`] = `ReactWrapper {}`;
